// Jest Snapshot v1, https://goo.gl/fbAQLP

exports[`TextField components matches snapshot 1`] = `
<DocumentFragment>
  <label
    class="block test1 test2"
  >
    <span
      class="text-sm text-gray-700"
    >
      test
    </span>
    <input
      class="mt-1 block w-full rounded-md border-gray-300 focus:border-indigo-600"
      type="email"
      value="defalut"
    />
  </label>
</DocumentFragment>
`;
